[0m10:17:47.209424 [debug] [MainThread]: Sending event: {'category': 'dbt', 'action': 'invocation', 'label': 'start', 'context': [<snowplow_tracker.self_describing_json.SelfDescribingJson object at 0x000002830AD663D0>, <snowplow_tracker.self_describing_json.SelfDescribingJson object at 0x000002830AD06D10>, <snowplow_tracker.self_describing_json.SelfDescribingJson object at 0x000002830ACFAF50>]}


============================== 10:17:47.217755 | 4cd1d144-b6fa-448c-9501-a02c92ca4983 ==============================
[0m10:17:47.217755 [info ] [MainThread]: Running with dbt=1.11.12
[0m10:17:47.221161 [debug] [MainThread]: running dbt with arguments {'version_check': 'True', 'no_print': 'None', 'static_parser': 'True', 'target_path': 'None', 'warn_error_options': 'WarnErrorOptionsV2(error=[], warn=[], silence=[])', 'printer_width': '80', 'write_json': 'True', 'introspect': 'True', 'log_cache_events': 'False', 'empty': 'None', 'cache_selected_only': 'False', 'fail_fast': 'False', 'debug': 'False', 'log_format': 'default', 'partial_parse': 'True', 'send_anonymous_usage_stats': 'True', 'quiet': 'False', 'warn_error': 'None', 'profiles_dir': 'C:\\Users\\yanis\\.dbt', 'indirect_selection': 'eager', 'use_colors': 'True', 'invocation_command': 'dbt init benchmark_ia', 'use_experimental_parser': 'False', 'log_path': 'logs'}
[0m10:17:47.286795 [info ] [MainThread]: Creating dbt configuration folder at C:\Users\yanis\.dbt
[0m10:17:47.291837 [debug] [MainThread]: Starter project path: C:\Users\yanis\Documents\Outils ETL\venv\Lib\site-packages\dbt\include\starter_project
[0m10:17:47.410969 [info ] [MainThread]: 
Your new dbt project "benchmark_ia" was created!

For more information on how to configure the profiles.yml file,
please consult the dbt documentation here:

  https://docs.getdbt.com/docs/configure-your-profile

One more thing:

Need help? Don't hesitate to reach out to us via GitHub issues or on Slack:

  https://community.getdbt.com/

Happy modeling!

[0m10:17:47.412491 [info ] [MainThread]: Setting up your profile.
[0m10:18:17.339790 [info ] [MainThread]: Profile benchmark_ia written to C:\Users\yanis\.dbt\profiles.yml using target's sample configuration. Once updated, you'll be able to start developing with dbt.
[0m10:18:17.341845 [debug] [MainThread]: Command `dbt init` succeeded at 10:18:17.341845 after 30.27 seconds
[0m10:18:17.342821 [debug] [MainThread]: Sending event: {'category': 'dbt', 'action': 'invocation', 'label': 'end', 'context': [<snowplow_tracker.self_describing_json.SelfDescribingJson object at 0x000002830AA0CD50>, <snowplow_tracker.self_describing_json.SelfDescribingJson object at 0x00000283031B0490>, <snowplow_tracker.self_describing_json.SelfDescribingJson object at 0x00000283031B04D0>]}
[0m10:18:17.343840 [debug] [MainThread]: Flushing usage events
[0m10:18:18.289845 [debug] [MainThread]: An error was encountered while trying to flush usage events
